Point 0 : {0.000000, 0.000000}
   out_000       -nan
   out_001        inf
   out_002          0
   out_003          0
   out_004     1.5708
   out_005          0
   out_006       -nan
   out_007       -nan
   out_008          0
Point 1 : {1.000000, 0.000000}
   out_000        inf
   out_001        inf
   out_002        0.2
   out_003     1.5708
   out_004     1.5708
   out_005   0.197396
   out_006       -nan
   out_007       -nan
   out_008          1
Point 2 : {0.000000, -5.000000}
   out_000         -0
   out_001         -1
   out_002          0
   out_003    3.14159
   out_004    2.35619
   out_005          0
   out_006          0
   out_007          0
   out_008          0
Point 3 : {-1.000000, 0.500000}
   out_000         -2
   out_001         10
   out_002       -0.2
   out_003   -1.10715
   out_004    1.47113
   out_005  -0.197396
   out_006         -0
   out_007          0
   out_008         -1
