Point 0 : {-10.000000, -10.000000}
   out_000          1
   out_001       -0.5
   out_002         -2
   out_003   -2.35619
   out_004    2.67795
   out_005   -1.10715
   out_006         -0
   out_007          5
   out_008         -0
Point 1 : {-10.000000, -5.000000}
   out_000          2
   out_001         -1
   out_002         -2
   out_003   -2.03444
   out_004    2.35619
   out_005   -1.10715
   out_006         -0
   out_007          0
   out_008         -0
Point 2 : {-10.000000, 5.000000}
   out_000         -2
   out_001          1
   out_002         -2
   out_003   -1.10715
   out_004   0.785398
   out_005   -1.10715
   out_006         -0
   out_007          0
   out_008         -0
Point 3 : {-10.000000, 10.000000}
   out_000         -1
   out_001        0.5
   out_002         -2
   out_003  -0.785398
   out_004   0.463648
   out_005   -1.10715
   out_006         -0
   out_007          5
   out_008         -0
Point 4 : {-5.000000, -10.000000}
   out_000        0.5
   out_001       -0.5
   out_002         -1
   out_003   -2.67795
   out_004    2.67795
   out_005  -0.785398
   out_006         -5
   out_007          5
   out_008         -0
Point 5 : {-5.000000, -5.000000}
   out_000          1
   out_001         -1
   out_002         -1
   out_003   -2.35619
   out_004    2.35619
   out_005  -0.785398
   out_006         -0
   out_007          0
   out_008         -0
Point 6 : {-5.000000, 5.000000}
   out_000         -1
   out_001          1
   out_002         -1
   out_003  -0.785398
   out_004   0.785398
   out_005  -0.785398
   out_006         -0
   out_007          0
   out_008         -0
Point 7 : {-5.000000, 10.000000}
   out_000       -0.5
   out_001        0.5
   out_002         -1
   out_003  -0.463648
   out_004   0.463648
   out_005  -0.785398
   out_006         -5
   out_007          5
   out_008         -0
Point 8 : {0.000000, 5.000000}
   out_000          0
   out_001          1
   out_002          0
   out_003          0
   out_004   0.785398
   out_005          0
   out_006          0
   out_007          0
   out_008          0
Point 9 : {0.000000, 10.000000}
   out_000          0
   out_001        0.5
   out_002          0
   out_003          0
   out_004   0.463648
   out_005          0
   out_006          0
   out_007          5
   out_008          0
Point 10 : {5.000000, -10.000000}
   out_000       -0.5
   out_001       -0.5
   out_002          1
   out_003    2.67795
   out_004    2.67795
   out_005   0.785398
   out_006          5
   out_007          5
   out_008          0
Point 11 : {5.000000, -5.000000}
   out_000         -1
   out_001         -1
   out_002          1
   out_003    2.35619
   out_004    2.35619
   out_005   0.785398
   out_006          0
   out_007          0
   out_008          0
Point 12 : {5.000000, 5.000000}
   out_000          1
   out_001          1
   out_002          1
   out_003   0.785398
   out_004   0.785398
   out_005   0.785398
   out_006          0
   out_007          0
   out_008          0
Point 13 : {5.000000, 10.000000}
   out_000        0.5
   out_001        0.5
   out_002          1
   out_003   0.463648
   out_004   0.463648
   out_005   0.785398
   out_006          5
   out_007          5
   out_008          0
Point 14 : {10.000000, -10.000000}
   out_000         -1
   out_001       -0.5
   out_002          2
   out_003    2.35619
   out_004    2.67795
   out_005    1.10715
   out_006          0
   out_007          5
   out_008          0
Point 15 : {10.000000, -5.000000}
   out_000         -2
   out_001         -1
   out_002          2
   out_003    2.03444
   out_004    2.35619
   out_005    1.10715
   out_006          0
   out_007          0
   out_008          0
Point 16 : {10.000000, 5.000000}
   out_000          2
   out_001          1
   out_002          2
   out_003    1.10715
   out_004   0.785398
   out_005    1.10715
   out_006          0
   out_007          0
   out_008          0
Point 17 : {10.000000, 10.000000}
   out_000          1
   out_001        0.5
   out_002          2
   out_003   0.785398
   out_004   0.463648
   out_005    1.10715
   out_006          0
   out_007          5
   out_008          0
