Default test:
Input error test:
Use of variable with bad tag '42', should be '1337'.
Output error test:
Use of variable with bad tag '1337', should be '42'.
Do not use error:
DoNotUse variable is used.
Do not change with same value:
Do not change error test:
DoNotChange variable changes value from '12' to '4'.
